// Jest Snapshot v1, https://goo.gl/fbAQLP

exports[`NavBrand renders correctly 1`] = `
<div
  className="branding"
>
  <Connect(NavLink)
    brand={true}
    linkDisplay={
      <span>
        <img
          src="/public/images/boxcharter-48.png"
        />
        <span
          className="title"
        >
          BoxCharter
        </span>
      </span>
    }
    linkRoute="/"
    linkText=""
  />
</div>
`;
